// Jest Snapshot v1, https://goo.gl/fbAQLP

exports[`Classroom looks like it should 1`] = `
<div>
  <div
    style={
      Object {
        "margin": "80px 5% 80px 5%",
      }
    }
  >
    <ul
      className="list-group"
      style={
        Object {
          "backgroundColor": "white",
          "marginBottom": "0",
          "width": "100%",
        }
      }
    />
  </div>
  <div
    style={
      Object {
        "backgroundColor": "#fff",
        "bottom": "0px",
        "height": "50px",
        "paddingTop": "10px",
        "position": "fixed",
        "width": "100%",
      }
    }
  >
    <div
      style={
        Object {
          "margin": "0 auto",
          "width": "85%",
        }
      }
    >
      <div
        style={
          Object {
            "paddingLeft": "5px",
            "paddingRight": "5px",
            "width": "100%",
          }
        }
      >
        <button
          className="btn btn-primary"
          form="submitQuestion"
          style={
            Object {
              "float": "right",
            }
          }
          type="submit"
          value="submitButton"
        >
          Submit Question
        </button>
        <div
          style={
            Object {
              "overflow": "hidden",
              "paddingRight": "0.5rem",
            }
          }
        >
          <form
            className=""
            id="submitQuestion"
            onSubmit={[Function]}
          >
            <input
              className="form-control"
              placeholder="Enter question"
              style={
                Object {
                  "width": "100%",
                }
              }
              type="text"
            />
          </form>
        </div>
      </div>
    </div>
  </div>
</div>
`;
