// Jest Snapshot v1, https://goo.gl/fbAQLP

exports[`Classroom looks like it should 1`] = `
<div
  style={
    Object {
      "marginBottom": "40px",
      "marginTop": "50px",
    }
  }
>
  <h2>
    test
  </h2>
  <div
    className="container"
  >
    <div
      className="row"
    >
      <div
        className="col-sm-4"
      />
      <div
        className="col-sm-4"
      />
      <div
        className="col-sm-4"
      >
        <p>
          <b>
            lecturer: 
            gruppe69
          </b>
        </p>
      </div>
    </div>
  </div>
  <ul
    className="list-group"
  >
    <li
      className="list-group-item"
      style={
        Object {
          "border": "1px solid #888",
          "borderRadius": 5,
          "boxShadow": "0px 5px 35px rgba(0, 0, 0, .7)",
          "marginBottom": "30px",
          "marginLeft": "30px",
          "marginRight": "30px",
          "padding": "0px 0px",
          "paddingBottom": "5px",
        }
      }
    >
      <div
        style={
          Object {
            "backgroundColor": "#fff",
            "padding": "10px",
          }
        }
      >
        <div
          className="container"
        >
          <div
            className="show-grid row"
          >
            <div
              className="col-md-8 col-xs-8"
            >
              <div>
                <p>
                  <span
                    aria-hidden={true}
                    className="fa fa-user"
                  />
                   
                  <b>
                    Rolf
                  </b>
                </p>
                <p>
                     
                </p>
                <button
                  className="btn btn-default"
                  disabled={false}
                  onClick={[Function]}
                  type="button"
                >
                  Like  
                  <span
                    aria-hidden={true}
                    className="fa fa-thumbs-up"
                  />
                </button>
                <button
                  className="btn btn-default"
                  disabled={false}
                  type="button"
                >
                  Reply  
                  <span
                    aria-hidden={true}
                    className="fa fa-reply"
                  />
                </button>
                <button
                  className="btn btn-default"
                  disabled={false}
                  onClick={[Function]}
                  type="button"
                >
                  Delete  
                  <span
                    aria-hidden={true}
                    className="fa fa-remove-circle"
                  />
                </button>
              </div>
            </div>
            <div
              className="col-md-4 col-xs-4"
            >
              <p>
                <span
                  aria-hidden={true}
                  className="fa fa-clock-o"
                />
                 
                whatever
              </p>
            </div>
          </div>
        </div>
        <div
          style={
            Object {
              "paddingLeft": "5px",
              "paddingRight": "5px",
              "width": "100%",
            }
          }
        >
          <button
            className="btn btn-primary"
            form="replyTo1"
            style={
              Object {
                "float": "right",
              }
            }
            type="submit"
            value="submitButton"
          >
            Submit Reply
          </button>
          <div
            style={
              Object {
                "overflow": "hidden",
                "paddingRight": "0.5rem",
              }
            }
          >
            <form
              className=""
              id="replyTo1"
              onSubmit={[Function]}
            >
              <input
                className="form-control"
                placeholder="Enter reply"
                style={
                  Object {
                    "width": "100%",
                  }
                }
                type="text"
              />
            </form>
          </div>
        </div>
        <ul
          className="list-group"
        />
      </div>
    </li>
    <li
      className="list-group-item"
      style={
        Object {
          "border": "1px solid #888",
          "borderRadius": 5,
          "boxShadow": "0px 5px 35px rgba(0, 0, 0, .7)",
          "marginBottom": "30px",
          "marginLeft": "30px",
          "marginRight": "30px",
          "padding": "0px 0px",
          "paddingBottom": "5px",
        }
      }
    >
      <div
        style={
          Object {
            "backgroundColor": "#fff",
            "padding": "10px",
          }
        }
      >
        <div
          className="container"
        >
          <div
            className="show-grid row"
          >
            <div
              className="col-md-8 col-xs-8"
            >
              <div>
                <p>
                  <span
                    aria-hidden={true}
                    className="fa fa-user"
                  />
                   
                  <b>
                    Arne
                  </b>
                </p>
                <p>
                     
                </p>
                <button
                  className="btn btn-default"
                  disabled={false}
                  onClick={[Function]}
                  type="button"
                >
                  Like  
                  <span
                    aria-hidden={true}
                    className="fa fa-thumbs-up"
                  />
                </button>
                <button
                  className="btn btn-default"
                  disabled={false}
                  type="button"
                >
                  Reply  
                  <span
                    aria-hidden={true}
                    className="fa fa-reply"
                  />
                </button>
                <button
                  className="btn btn-default"
                  disabled={false}
                  onClick={[Function]}
                  type="button"
                >
                  Delete  
                  <span
                    aria-hidden={true}
                    className="fa fa-remove-circle"
                  />
                </button>
              </div>
            </div>
            <div
              className="col-md-4 col-xs-4"
            >
              <p>
                <span
                  aria-hidden={true}
                  className="fa fa-clock-o"
                />
                 
                whatever
              </p>
            </div>
          </div>
        </div>
        <div
          style={
            Object {
              "paddingLeft": "5px",
              "paddingRight": "5px",
              "width": "100%",
            }
          }
        >
          <button
            className="btn btn-primary"
            form="replyTo2"
            style={
              Object {
                "float": "right",
              }
            }
            type="submit"
            value="submitButton"
          >
            Submit Reply
          </button>
          <div
            style={
              Object {
                "overflow": "hidden",
                "paddingRight": "0.5rem",
              }
            }
          >
            <form
              className=""
              id="replyTo2"
              onSubmit={[Function]}
            >
              <input
                className="form-control"
                placeholder="Enter reply"
                style={
                  Object {
                    "width": "100%",
                  }
                }
                type="text"
              />
            </form>
          </div>
        </div>
        <ul
          className="list-group"
        />
      </div>
    </li>
    <li
      className="list-group-item"
      style={
        Object {
          "border": "1px solid #888",
          "borderRadius": 5,
          "boxShadow": "0px 5px 35px rgba(0, 0, 0, .7)",
          "marginBottom": "30px",
          "marginLeft": "30px",
          "marginRight": "30px",
          "padding": "0px 0px",
          "paddingBottom": "5px",
        }
      }
    >
      <div
        style={
          Object {
            "backgroundColor": "#fff",
            "padding": "10px",
          }
        }
      >
        <div
          className="container"
        >
          <div
            className="show-grid row"
          >
            <div
              className="col-md-8 col-xs-8"
            >
              <div>
                <p>
                  <span
                    aria-hidden={true}
                    className="fa fa-user"
                  />
                   
                  <b>
                    Kåre
                  </b>
                </p>
                <p>
                     
                </p>
                <button
                  className="btn btn-default"
                  disabled={false}
                  onClick={[Function]}
                  type="button"
                >
                  Like  
                  <span
                    aria-hidden={true}
                    className="fa fa-thumbs-up"
                  />
                </button>
                <button
                  className="btn btn-default"
                  disabled={false}
                  type="button"
                >
                  Reply  
                  <span
                    aria-hidden={true}
                    className="fa fa-reply"
                  />
                </button>
                <button
                  className="btn btn-default"
                  disabled={false}
                  onClick={[Function]}
                  type="button"
                >
                  Delete  
                  <span
                    aria-hidden={true}
                    className="fa fa-remove-circle"
                  />
                </button>
              </div>
            </div>
            <div
              className="col-md-4 col-xs-4"
            >
              <p>
                <span
                  aria-hidden={true}
                  className="fa fa-clock-o"
                />
                 
                whatever
              </p>
            </div>
          </div>
        </div>
        <div
          style={
            Object {
              "paddingLeft": "5px",
              "paddingRight": "5px",
              "width": "100%",
            }
          }
        >
          <button
            className="btn btn-primary"
            form="replyTo3"
            style={
              Object {
                "float": "right",
              }
            }
            type="submit"
            value="submitButton"
          >
            Submit Reply
          </button>
          <div
            style={
              Object {
                "overflow": "hidden",
                "paddingRight": "0.5rem",
              }
            }
          >
            <form
              className=""
              id="replyTo3"
              onSubmit={[Function]}
            >
              <input
                className="form-control"
                placeholder="Enter reply"
                style={
                  Object {
                    "width": "100%",
                  }
                }
                type="text"
              />
            </form>
          </div>
        </div>
        <ul
          className="list-group"
        />
      </div>
    </li>
    <li
      className="list-group-item"
      style={
        Object {
          "border": "1px solid #888",
          "borderRadius": 5,
          "boxShadow": "0px 5px 35px rgba(0, 0, 0, .7)",
          "marginBottom": "30px",
          "marginLeft": "30px",
          "marginRight": "30px",
          "padding": "0px 0px",
          "paddingBottom": "5px",
        }
      }
    >
      <div
        style={
          Object {
            "backgroundColor": "#fff",
            "padding": "10px",
          }
        }
      >
        <div
          className="container"
        >
          <div
            className="show-grid row"
          >
            <div
              className="col-md-8 col-xs-8"
            >
              <div>
                <p>
                  <span
                    aria-hidden={true}
                    className="fa fa-user"
                  />
                   
                  <b>
                    Bjarne
                  </b>
                </p>
                <p>
                     
                </p>
                <button
                  className="btn btn-default"
                  disabled={false}
                  onClick={[Function]}
                  type="button"
                >
                  Like  
                  <span
                    aria-hidden={true}
                    className="fa fa-thumbs-up"
                  />
                </button>
                <button
                  className="btn btn-default"
                  disabled={false}
                  type="button"
                >
                  Reply  
                  <span
                    aria-hidden={true}
                    className="fa fa-reply"
                  />
                </button>
                <button
                  className="btn btn-default"
                  disabled={false}
                  onClick={[Function]}
                  type="button"
                >
                  Delete  
                  <span
                    aria-hidden={true}
                    className="fa fa-remove-circle"
                  />
                </button>
              </div>
            </div>
            <div
              className="col-md-4 col-xs-4"
            >
              <p>
                <span
                  aria-hidden={true}
                  className="fa fa-clock-o"
                />
                 
                whatever
              </p>
            </div>
          </div>
        </div>
        <div
          style={
            Object {
              "paddingLeft": "5px",
              "paddingRight": "5px",
              "width": "100%",
            }
          }
        >
          <button
            className="btn btn-primary"
            form="replyTo4"
            style={
              Object {
                "float": "right",
              }
            }
            type="submit"
            value="submitButton"
          >
            Submit Reply
          </button>
          <div
            style={
              Object {
                "overflow": "hidden",
                "paddingRight": "0.5rem",
              }
            }
          >
            <form
              className=""
              id="replyTo4"
              onSubmit={[Function]}
            >
              <input
                className="form-control"
                placeholder="Enter reply"
                style={
                  Object {
                    "width": "100%",
                  }
                }
                type="text"
              />
            </form>
          </div>
        </div>
        <ul
          className="list-group"
        />
      </div>
    </li>
    <li
      className="list-group-item"
      style={
        Object {
          "border": "1px solid #888",
          "borderRadius": 5,
          "boxShadow": "0px 5px 35px rgba(0, 0, 0, .7)",
          "marginBottom": "30px",
          "marginLeft": "30px",
          "marginRight": "30px",
          "padding": "0px 0px",
          "paddingBottom": "5px",
        }
      }
    >
      <div
        style={
          Object {
            "backgroundColor": "#fff",
            "padding": "10px",
          }
        }
      >
        <div
          className="container"
        >
          <div
            className="show-grid row"
          >
            <div
              className="col-md-8 col-xs-8"
            >
              <div>
                <p>
                  <span
                    aria-hidden={true}
                    className="fa fa-user"
                  />
                   
                  <b>
                    Rolf
                  </b>
                </p>
                <p>
                     
                </p>
                <button
                  className="btn btn-default"
                  disabled={false}
                  onClick={[Function]}
                  type="button"
                >
                  Like  
                  <span
                    aria-hidden={true}
                    className="fa fa-thumbs-up"
                  />
                </button>
                <button
                  className="btn btn-default"
                  disabled={false}
                  type="button"
                >
                  Reply  
                  <span
                    aria-hidden={true}
                    className="fa fa-reply"
                  />
                </button>
                <button
                  className="btn btn-default"
                  disabled={false}
                  onClick={[Function]}
                  type="button"
                >
                  Delete  
                  <span
                    aria-hidden={true}
                    className="fa fa-remove-circle"
                  />
                </button>
              </div>
            </div>
            <div
              className="col-md-4 col-xs-4"
            >
              <p>
                <span
                  aria-hidden={true}
                  className="fa fa-clock-o"
                />
                 
                whatever
              </p>
            </div>
          </div>
        </div>
        <div
          style={
            Object {
              "paddingLeft": "5px",
              "paddingRight": "5px",
              "width": "100%",
            }
          }
        >
          <button
            className="btn btn-primary"
            form="replyTo5"
            style={
              Object {
                "float": "right",
              }
            }
            type="submit"
            value="submitButton"
          >
            Submit Reply
          </button>
          <div
            style={
              Object {
                "overflow": "hidden",
                "paddingRight": "0.5rem",
              }
            }
          >
            <form
              className=""
              id="replyTo5"
              onSubmit={[Function]}
            >
              <input
                className="form-control"
                placeholder="Enter reply"
                style={
                  Object {
                    "width": "100%",
                  }
                }
                type="text"
              />
            </form>
          </div>
        </div>
        <ul
          className="list-group"
        />
      </div>
    </li>
  </ul>
  <div
    style={
      Object {
        "backgroundColor": "#fff",
        "bottom": "0px",
        "height": "50px",
        "paddingTop": "10px",
        "position": "fixed",
        "width": "100%",
      }
    }
  >
    <div
      style={
        Object {
          "marginLeft": "30px",
          "width": "85%",
        }
      }
    >
      <div
        style={
          Object {
            "paddingLeft": "5px",
            "paddingRight": "5px",
            "width": "100%",
          }
        }
      >
        <button
          className="btn btn-primary"
          form="submitQuestion"
          style={
            Object {
              "float": "right",
            }
          }
          type="submit"
          value="submitButton"
        >
          Submit Question
        </button>
        <div
          style={
            Object {
              "overflow": "hidden",
              "paddingRight": "0.5rem",
            }
          }
        >
          <form
            className=""
            id="submitQuestion"
            onSubmit={[Function]}
          >
            <input
              className="form-control"
              placeholder="Enter question"
              style={
                Object {
                  "width": "100%",
                }
              }
              type="text"
            />
          </form>
        </div>
      </div>
    </div>
  </div>
</div>
`;
